Using seed: 8
[?] pour l'aide
commande> d 1 0
mode duplicate
[?] pour l'aide
commande> a T
Rack 0: EYIMTAU
commande> j YETI H8
commande> a S
Score 0:   26
commande> a T
Rack 0: AMU+SIAO
commande> j AMUSAI 12e
commande> a S
Score 0:   49
commande> a t
OVULNDM
commande> a g
     1  2  3  4  5  6  7  8  9 10 11 12 13 14 15
 A   -  -  -  -  -  -  -  -  -  -  -  -  -  -  - 
 B   -  -  -  -  -  -  -  -  -  -  -  -  -  -  - 
 C   -  -  -  -  -  -  -  -  -  -  -  -  -  -  - 
 D   -  -  -  -  -  -  -  -  -  -  -  -  -  -  - 
 E   -  -  -  -  -  -  -  -  -  -  -  A  -  -  - 
 F   -  -  -  -  -  -  -  -  -  -  -  M  -  -  - 
 G   -  -  -  -  -  -  -  -  -  -  -  U  -  -  - 
 H   -  -  -  -  -  -  -  Y  E  T  I  S  -  -  - 
 I   -  -  -  -  -  -  -  -  -  -  -  A  -  -  - 
 J   -  -  -  -  -  -  -  -  -  -  -  I  -  -  - 
 K   -  -  -  -  -  -  -  -  -  -  -  -  -  -  - 
 L   -  -  -  -  -  -  -  -  -  -  -  -  -  -  - 
 M   -  -  -  -  -  -  -  -  -  -  -  -  -  -  - 
 N   -  -  -  -  -  -  -  -  -  -  -  -  -  -  - 
 O   -  -  -  -  -  -  -  -  -  -  -  -  -  -  - 
commande> a p
Game: player 1 out of 1
Game: mode=Duplicate
Game: history:
    N |   RACK   |    SOLUTION    | REF | PTS | BONUS
   ===|==========|================|=====|=====|======
    1 |  EYIMTAU | YETI           |  H8 |  26 |  
    2 | AMU+SIAO | AMUSAI         | 12E |  23 |  


Rack 0: O+VULNDM
Score 0:   49
commande> q
fin du mode duplicate
commande> q
