Using seed: 5
[?] pour l'aide
commande> d 0 2
mode duplicate
[?] pour l'aide
commande> a S
Score 0: 1078
Score 1: 1078
commande> a T
Rack 0: MPQ
Rack 1: MPQ
commande> a l
 A B C D E F G H I J K L M N O P Q R S T U V W X Y Z ?
 0 0 0 0 0 0 0 0 0 0 0 0 1 0 0 1 1 0 0 0 0 0 0 0 0 0 0
commande> a p
Game: player 1 out of 2
Game: mode=Duplicate
Game: history:
    N |   RACK   |    SOLUTION    | REF | PTS | BONUS
   ===|==========|================|=====|=====|======
    1 |  ITUVEEA | UVEITE         |  H3 |  26 |  
    2 | A+MOSHIL | MOSHAV         |  4C |  26 |  
    3 | IL+RSOAT | LOTIRAS        |  9B |  69 | *
    4 |  EISDUEB | EBAUDIES       |  G7 |  70 | *
    5 |  RLMENNO | MERLONNE       | 13F |  70 | *
    6 |  N?Y?AXE | oXYDANtE       | 11D | 150 | *
    7 |  OEBRLIT | TRILOBE        |  N7 |  71 | *
    8 |  USRUOEE | ROULEUSE       |  B6 |  62 | *
    9 |  GIADSZL | ZIGS           |  L8 |  50 |  
   10 | ADL+ERIA | ADULAIRE       |  3F |  84 | *
   11 |  FAVAKCE | KA             |  2J |  64 |  
   12 | ACEFV+TU | VECUT          | A11 |  45 |  
   13 | AF+SNIEH | HAINES         | 14J |  73 |  
   14 | F+ANTRPU | PAF            | C13 |  30 |  
   15 | NRTU+LEJ | JEUN           |  O6 |  43 |  
   16 | LRT+EQAD | DATER          |  4K |  24 |  
   17 | LQ+FGEOT | GOLFE          |  1I |  30 |  
   18 | QT+NWIPC | GOLFENT        |  1I |  33 |  
   19 |  CIPQW+M | WU             |  8A |  33 |  
   20 |    CIMPQ | CI             | 12D |  25 |  


Rack 0: MPQ
Rack 1: MPQ
Score 0: 1078
Score 1: 1078
commande> a g
     1  2  3  4  5  6  7  8  9 10 11 12 13 14 15
 A   -  -  -  -  -  -  -  W  -  -  V  E  C  U  T 
 B   -  -  -  -  -  R  O  U  L  E  U  S  E  -  - 
 C   -  -  -  M  -  -  -  -  O  -  -  -  P  A  F 
 D   -  -  -  O  -  -  -  -  T  -  o  C  -  -  - 
 E   -  -  -  S  -  -  -  -  I  -  X  I  -  -  - 
 F   -  -  A  H  -  -  -  -  R  -  Y  -  M  -  - 
 G   -  -  D  A  -  -  E  B  A  U  D  I  E  S  - 
 H   -  -  U  V  E  I  T  E  S  -  A  -  R  -  - 
 I   G  -  L  -  -  -  -  -  -  -  N  -  L  -  - 
 J   O  K  A  -  -  -  -  -  -  -  t  -  O  H  - 
 K   L  A  I  D  -  -  -  -  -  -  E  -  N  A  - 
 L   F  -  R  A  -  -  -  Z  I  G  S  -  N  I  - 
 M   E  -  E  T  -  -  -  -  -  -  -  -  E  N  - 
 N   N  -  -  E  -  -  T  R  I  L  O  B  E  E  - 
 O   T  -  -  R  -  J  E  U  N  -  -  -  -  S  - 
commande> q
fin du mode duplicate
commande> q
