Using seed: 19
[?] pour l'aide
commande> d8 0 1
mode duplicate
[?] pour l'aide
commande> a g
     1  2  3  4  5  6  7  8  9 10 11 12 13 14 15
 A   S  U  I  F  E  E  -  -  -  -  -  -  -  -  T 
 B   -  -  -  -  -  H  A  l  A  G  E  -  -  -  R 
 C   -  -  -  -  -  -  -  -  P  O  R  T  A  L  E 
 D   -  -  -  -  A  L  U  M  I  N  E  E  -  -  F 
 E   -  -  -  -  Z  -  -  -  -  -  -  -  -  -  L 
 F   -  -  -  D  O  R  M  A  N  C  E  -  -  J  E 
 G   I  N  P  U  T  -  -  -  -  -  -  -  -  -  E 
 H   -  -  -  B  I  R  D  I  E  S  -  -  -  V  S 
 I   -  -  -  -  Q  -  -  -  -  -  -  -  N  E  - 
 J   -  -  R  O  u  G  E  U  R  S  -  -  E  X  - 
 K   -  -  -  -  E  -  -  -  -  -  -  -  T  A  - 
 L   -  W  O  N  S  -  -  -  -  -  -  -  C  I  - 
 M   -  -  -  -  -  -  -  -  V  O  U  T  A  S  - 
 N   -  -  B  O  U  D  I  N  A  -  -  -  M  -  - 
 O   K  H  I  -  -  -  -  A  L  Y  T  E  -  -  - 
commande> a p
Game: player 1 out of 1
Game: mode=Duplicate
Game: variant=7among8
Game: history:
    N |   RACK   |    SOLUTION    | REF | PTS | BONUS
   ===|==========|================|=====|=====|======
    1 | DBEIISER | BIRDIES        |  H4 |  76 | *
    2 | E+OCQT?ZA | AZOTIQuE       |  5D | 142 | *
    3 | C+MANRDNE | DORMANCE       |  F4 |  70 | *
    4 | N+MLIEERU | ALUMINEE       |  D5 |  72 | *
    5 | R+SWONOOR | WONS           |  L2 |  50 |  
    6 | OORR+GSEU | ROUGEURS       |  J3 |  64 | *
    7 | O+APLTRRT | PORTAL         |  C9 |  35 |  
    8 | RT+GEFHLE | TREFLE         | 15A |  48 |  
    9 | GH+EESAAE | TREFLEES       | 15A |  33 |  
   10 | AAEEGH+?E | HAlAGE         |  B6 |  37 |  
   11 | EE+VFESUI | SUIFEE         |  A1 |  44 |  
   12 | EV+XABIAS | VEXAIS         | 14H |  43 |  
   13 | AB+VDOUTO | VOUTAS         |  M9 |  26 |  
   14 | BDO+NAIUK | BOUDINA        |  N3 |  69 | *
   15 | K+AYEJPLT | ALYTE          |  O8 |  57 |  
   16 | JKP+INCTH | KHI            |  O1 |  49 |  
   17 | CJNPT+INM | JE             | F14 |  25 |  
   18 | CIMNNPT+E | NETCAM         | 13I |  30 |  
   19 |   INP+LU | INPUT          |  G1 |  16 |  


Rack 0: L
Score 0:  986
commande> q
fin du mode duplicate
commande> q
