Using seed: 15
[?] pour l'aide
commande> de 0 1
mode duplicate
[?] pour l'aide
commande> a g
     1  2  3  4  5  6  7  8  9 10 11 12 13 14 15
 A   -  -  -  -  -  -  -  V  -  -  -  E  -  -  - 
 B   -  H  -  L  -  -  -  E  -  -  -  p  -  -  - 
 C   -  O  R  E  -  -  -  N  -  -  -  O  -  -  - 
 D   -  T  E  K  -  -  -  D  -  -  B  U  -  -  - 
 E   -  E  T  -  -  -  -  I  -  -  A  S  -  -  M 
 F   -  L  E  -  -  J  U  M  P  E  R  A  -  -  O 
 G   -  -  R  -  -  -  -  E  -  -  B  I  -  -  G 
 H   -  A  C  C  E  N  T  S  -  -  O  -  -  -  O 
 I   -  F  A  -  -  -  -  -  D  -  T  -  -  -  L 
 J   -  F  I  -  -  Q  -  -  R  Y  E  S  -  H  E 
 K   -  A  -  I  X  A  -  W  U  -  R  -  -  U  S 
 L   -  M  U  N  I  S  S  E  Z  -  -  -  -  L  - 
 M   V  A  -  -  -  I  -  n  E  -  -  -  -  U  - 
 N   E  T  -  -  -  D  -  G  -  -  -  -  -  L  - 
 O   R  -  -  -  -  A  -  E  P  O  I  N  T  A  I 
commande> a p
Game: player 1 out of 1
Game: mode=Duplicate
Game: variant=explosive
Game: history:
    N |   RACK   |    SOLUTION    | REF | PTS | BONUS
   ===|==========|================|=====|=====|======
    1 |  CSCETNA | ACCENTS        |  H2 |  78 | *
    2 |  FUMAAFT | AFFAMAT        |  2H |  44 |  
    3 | -ZENISUS | MUNISSEZ       |  L2 |  88 | *
    4 |  AEIDAQR | QASIDA         |  6J |  34 |  
    5 | ER+IREAT | RETERCAI       |  3C |  85 | *
    6 |  DGE?VMW | WEnGE          |  8K |  42 |  
    7 | DMV+IEEN | VENDIMES       |  8A |  95 | *
    8 |  AIOTNIP | EPOINTAI       |  O8 |  83 | *
    9 |  LERTJOH | HOTEL          |  2B |  30 |  
   10 | JR+PUBBE | JUMPER         |  F6 |  34 |  
   11 | BB+EROAT | BARBOTER       | 11D |  98 | *
   12 |  IUOA?ES | EpOUSAI        | 12A |  95 | *
   13 |  LGERKSY | LEK            |  4B |  51 |  
   14 | GRSY+UUL | RYES           |  J9 |  33 |  
   15 | GLUU+LHU | HULULA         | 14J |  34 |  
   16 | GU+MILDE | DRUZE          |  9I |  31 |  
   17 | GILM+XOO | IXA            |  K4 |  48 |  
   18 | GLMOO+ES | MOGOLES        | 15E |  84 | *
   19 |    RVNEN | VER            |  1M |  25 |  


Rack 0: NN
Score 0: 1112
commande> q
fin du mode duplicate
commande> q
