Using seed: 7
[?] pour l'aide
commande> d 2 1
mode duplicate
[?] pour l'aide
commande> a T
Rack 0: EZSGJRA
Rack 1: EZSGJRA
Rack 2: EZSGJRA
commande> j GAREZ H7
commande> j GAREZ h8
commande> a S
Score 0:   30
Score 1:   50
Score 2:   62
commande> a T
Rack 0: GR+AALNE
Rack 1: GR+AALNE
Rack 2: GR+AALNE
commande> n 1
commande> j LANGERAS 10A
commande> a S
Score 0:   30
Score 1:  113
Score 2:   62
commande> j GLANEZ 12C
commande> a S
Score 0:   62
Score 1:  113
Score 2:  148
commande> a t
TRGANMU
commande> j MARGE J7
commande> j MARE J8
commande> a S
Score 0:   73
Score 1:  120
Score 2:  214
commande> a t
EPQRHEU
commande> a g
     1  2  3  4  5  6  7  8  9 10 11 12 13 14 15
 A   -  -  -  -  -  -  -  -  -  -  -  -  -  -  - 
 B   -  -  -  -  -  -  -  -  -  -  -  -  -  -  - 
 C   -  -  -  -  -  -  -  -  -  -  -  -  -  -  - 
 D   -  -  -  -  -  -  -  -  -  -  -  -  -  -  - 
 E   -  -  -  -  -  -  -  -  -  -  A  -  -  -  - 
 F   -  -  -  -  -  -  -  -  -  -  G  -  -  -  - 
 G   -  -  -  -  -  -  -  -  -  -  N  -  -  -  - 
 H   -  -  -  -  -  -  -  J  A  S  E  Z  -  -  - 
 I   -  -  -  -  -  -  -  -  -  -  L  -  -  -  - 
 J   -  -  -  -  -  A  R  G  U  M  E  N  T  -  - 
 K   -  -  -  -  -  -  -  -  -  -  R  -  -  -  - 
 L   -  -  -  -  -  -  -  -  -  -  A  -  -  -  - 
 M   -  -  -  -  -  -  -  -  -  -  -  -  -  -  - 
 N   -  -  -  -  -  -  -  -  -  -  -  -  -  -  - 
 O   -  -  -  -  -  -  -  -  -  -  -  -  -  -  - 
commande> a p
Game: player 1 out of 3
Game: mode=Duplicate
Game: history:
    N |   RACK   |    SOLUTION    | REF | PTS | BONUS
   ===|==========|================|=====|=====|======
    1 |  EZSGJRA | JASEZ          |  H8 |  62 |  
    2 | GR+AALNE | AGNELERA       | 11E |  86 | *
    3 |  TRGANMU | ARGUMENT       |  J6 |  66 | *


Rack 0: EPQRHEU
Rack 1: EPQRHEU
Rack 2: EPQRHEU
Score 0:   73
Score 1:  120
Score 2:  214
commande> q
fin du mode duplicate
commande> q
