Using seed: 21
[?] pour l'aide
commande> l8 1 1
mode partie libre
[?] pour l'aide
commande> a T
Rack 0: XAESQAAR
Rack 1: NHTOFETF
commande> j AXERAS h3
commande> a g
     1  2  3  4  5  6  7  8  9 10 11 12 13 14 15
 A   -  -  -  -  -  -  -  -  -  -  -  -  -  -  - 
 B   -  -  -  -  -  -  -  -  -  -  -  -  -  -  - 
 C   -  -  E  -  -  -  -  -  -  -  -  -  -  -  - 
 D   -  -  T  -  -  -  -  -  -  -  -  -  -  -  - 
 E   -  -  O  -  -  -  -  -  -  -  -  -  -  -  - 
 F   -  -  F  -  -  -  -  -  -  -  -  -  -  -  - 
 G   -  -  F  -  -  -  -  -  -  -  -  -  -  -  - 
 H   -  -  A  X  E  R  A  S  -  -  -  -  -  -  - 
 I   -  -  N  -  -  -  -  -  -  -  -  -  -  -  - 
 J   -  -  T  -  -  -  -  -  -  -  -  -  -  -  - 
 K   -  -  -  -  -  -  -  -  -  -  -  -  -  -  - 
 L   -  -  -  -  -  -  -  -  -  -  -  -  -  -  - 
 M   -  -  -  -  -  -  -  -  -  -  -  -  -  -  - 
 N   -  -  -  -  -  -  -  -  -  -  -  -  -  -  - 
 O   -  -  -  -  -  -  -  -  -  -  -  -  -  -  - 
commande> a T
Rack 0: AQ+DSELJI
Rack 1: H+ZESNIEL
commande> j JASES 8d
commande> a g
     1  2  3  4  5  6  7  8  9 10 11 12 13 14 15
 A   -  -  -  -  -  -  -  -  -  -  -  -  -  -  - 
 B   -  -  -  -  -  -  -  -  -  -  -  -  -  -  - 
 C   -  -  E  -  -  -  -  -  -  -  -  -  -  -  - 
 D   -  -  T  -  -  -  -  J  -  -  -  -  -  -  - 
 E   -  -  O  -  I  N  H  A  L  E  E  S  -  -  - 
 F   -  -  F  -  -  -  -  S  -  -  -  -  -  -  - 
 G   -  -  F  -  -  -  -  E  -  -  -  -  -  -  - 
 H   -  -  A  X  E  R  A  S  -  -  -  -  -  -  - 
 I   -  -  N  -  -  -  -  -  -  -  -  -  -  -  - 
 J   -  -  T  -  -  -  -  -  -  -  -  -  -  -  - 
 K   -  -  -  -  -  -  -  -  -  -  -  -  -  -  - 
 L   -  -  -  -  -  -  -  -  -  -  -  -  -  -  - 
 M   -  -  -  -  -  -  -  -  -  -  -  -  -  -  - 
 N   -  -  -  -  -  -  -  -  -  -  -  -  -  -  - 
 O   -  -  -  -  -  -  -  -  -  -  -  -  -  -  - 
commande> a T
Rack 0: DILQ+UETV
Rack 1: Z+EDEMAER
commande> j TUE 2h
commande> a g
     1  2  3  4  5  6  7  8  9 10 11 12 13 14 15
 A   -  -  -  -  -  -  -  -  -  -  -  -  -  -  - 
 B   -  -  -  -  -  A  -  -  -  -  -  -  -  -  - 
 C   -  -  E  -  -  M  -  -  -  -  -  -  -  -  - 
 D   -  -  T  -  -  E  -  J  -  -  -  -  -  -  - 
 E   -  -  O  -  I  N  H  A  L  E  E  S  -  -  - 
 F   -  -  F  -  -  D  -  S  -  -  -  -  -  -  - 
 G   -  -  F  -  -  E  -  E  -  -  -  -  -  -  - 
 H   -  T  A  X  E  R  A  S  -  -  -  -  -  -  - 
 I   -  U  N  -  -  E  -  -  -  -  -  -  -  -  - 
 J   -  E  T  -  -  Z  -  -  -  -  -  -  -  -  - 
 K   -  -  -  -  -  -  -  -  -  -  -  -  -  -  - 
 L   -  -  -  -  -  -  -  -  -  -  -  -  -  -  - 
 M   -  -  -  -  -  -  -  -  -  -  -  -  -  -  - 
 N   -  -  -  -  -  -  -  -  -  -  -  -  -  -  - 
 O   -  -  -  -  -  -  -  -  -  -  -  -  -  -  - 
commande> a S
Score 0:   97
Score 1:  278
commande> a p
Game: player 1 out of 2
Game: mode=Free game
Game: variant=7among8
Game: history:
    N |   RACK   |    SOLUTION    | REF | PTS | BONUS
   ===|==========|================|=====|=====|======
    1 | XAESQAAR | AXERAS         |  H3 |  50 |  
    2 | NHTOFETF | ETOFFANT       |  3C |  88 | *
    3 | AQ+DSELJI | JASES          |  8D |  20 |  
    4 | H+ZESNIEL | INHALEES       |  E5 |  94 | *
    5 | DILQ+UETV | TUE            |  2H |  27 |  
    6 | Z+EDEMAER | AMENDEREZ      |  6B |  96 | *


Rack 0: DILQV+IIO
Rack 1: R+NKNEDTT
Score 0:   97
Score 1:  278
commande> q
fin du mode partie libre
commande> q
