Using seed: 17
[?] pour l'aide
commande> le 1 1
mode partie libre
[?] pour l'aide
commande> a T
Rack 0: EMEETUA
Rack 1: NOBILOE
commande> j ETAMEE h3
commande> a g
     1  2  3  4  5  6  7  8  9 10 11 12 13 14 15
 A   -  -  -  -  -  -  -  -  -  -  -  -  -  -  - 
 B   -  -  -  -  -  -  -  -  -  -  -  -  -  -  - 
 C   -  -  -  -  -  -  -  -  -  -  -  -  -  -  - 
 D   -  -  -  -  -  -  -  -  -  -  -  -  -  -  - 
 E   -  -  -  -  -  -  -  -  -  -  -  -  -  -  - 
 F   -  -  -  -  -  -  -  -  -  -  -  -  -  -  - 
 G   -  -  -  -  -  -  -  B  O  O  L  I  E  N  - 
 H   -  -  E  T  A  M  E  E  -  -  -  -  -  -  - 
 I   -  -  -  -  -  -  -  -  -  -  -  -  -  -  - 
 J   -  -  -  -  -  -  -  -  -  -  -  -  -  -  - 
 K   -  -  -  -  -  -  -  -  -  -  -  -  -  -  - 
 L   -  -  -  -  -  -  -  -  -  -  -  -  -  -  - 
 M   -  -  -  -  -  -  -  -  -  -  -  -  -  -  - 
 N   -  -  -  -  -  -  -  -  -  -  -  -  -  -  - 
 O   -  -  -  -  -  -  -  -  -  -  -  -  -  -  - 
commande> a T
Rack 0: U+RVHDAA
Rack 1: LEOPUFA
commande> j ARDU 2g
commande> a g
     1  2  3  4  5  6  7  8  9 10 11 12 13 14 15
 A   -  -  -  -  -  -  -  -  -  -  -  -  -  -  - 
 B   -  -  -  -  -  -  -  -  -  -  -  -  -  -  - 
 C   -  -  -  -  -  -  -  -  -  -  -  -  -  -  - 
 D   -  -  -  -  -  -  -  -  -  -  -  -  -  -  - 
 E   -  -  -  -  -  -  -  -  -  -  -  -  -  P  - 
 F   -  -  -  -  -  -  -  -  -  -  -  -  -  A  - 
 G   -  A  -  -  -  -  -  B  O  O  L  I  E  N  - 
 H   -  R  E  T  A  M  E  E  -  -  -  -  -  O  - 
 I   -  D  -  -  -  -  -  -  -  -  -  -  -  U  - 
 J   -  U  -  -  -  -  -  -  -  -  -  -  -  F  - 
 K   -  -  -  -  -  -  -  -  -  -  -  -  -  L  - 
 L   -  -  -  -  -  -  -  -  -  -  -  -  -  E  - 
 M   -  -  -  -  -  -  -  -  -  -  -  -  -  -  - 
 N   -  -  -  -  -  -  -  -  -  -  -  -  -  -  - 
 O   -  -  -  -  -  -  -  -  -  -  -  -  -  -  - 
commande> a T
Rack 0: AHV+LAGI
Rack 1: ANOSMGI
commande> j HALVA 5g
commande> a gm
     1  2  3  4  5  6  7  8  9 10 11 12 13 14 15
 A   @  -  -  +  -  -  -  @  -  -  -  +  -  -  @
 B   -  #  -  -  -  *  -  -  -  *  -  -  -  #  -
 C   -  -  #  -  -  -  +  -  +  -  -  -  #  -  -
 D   +  -  -  #  -  -  -  +  -  -  -  #  -  -  +
 E   -  -  -  -  #  -  -  -  -  -  M  -  -  P  -
 F   -  *  -  -  -  *  -  -  -  *  I  -  -  A  -
 G   -  A  +  -  H  -  +  B  O  O  L  I  E  N  -
 H   @  R  E  T  A  M  E  E  -  -  O  +  -  O  @
 I   -  D  +  -  L  -  +  -  +  -  N  -  +  U  -
 J   -  U  -  -  V  *  -  -  -  *  G  -  -  F  -
 K   -  -  -  -  A  -  -  -  -  -  A  -  -  L  -
 L   +  -  -  #  -  -  -  +  -  -  S  #  -  E  +
 M   -  -  #  -  -  -  +  -  +  -  -  -  #  -  -
 N   -  #  -  -  -  *  -  -  -  *  -  -  -  #  -
 O   @  -  -  +  -  -  -  @  -  -  -  +  -  -  @
commande> a T
Rack 0: AGI+EFAJ
Rack 1: RHOCSET
commande> j GAFFE j11
commande> a g
     1  2  3  4  5  6  7  8  9 10 11 12 13 14 15
 A   -  -  -  -  -  -  -  -  -  -  -  -  -  -  - 
 B   -  -  -  -  -  -  -  -  -  -  -  -  -  -  - 
 C   -  -  T  -  -  -  -  -  -  -  -  -  -  -  - 
 D   -  -  O  -  -  -  -  -  -  -  -  -  -  -  - 
 E   -  -  R  -  -  -  -  -  -  -  M  -  -  P  - 
 F   -  -  C  -  -  -  -  -  -  -  I  -  -  A  - 
 G   -  A  H  -  H  -  -  B  O  O  L  I  E  N  - 
 H   -  R  E  T  A  M  E  E  -  -  O  -  -  O  - 
 I   -  D  E  -  L  -  -  -  -  -  N  -  -  U  - 
 J   -  U  S  -  V  -  -  -  -  -  G  A  F  F  E 
 K   -  -  -  -  A  -  -  -  -  -  A  -  -  L  - 
 L   -  -  -  -  -  -  -  -  -  -  S  -  -  E  - 
 M   -  -  -  -  -  -  -  -  -  -  -  -  -  -  - 
 N   -  -  -  -  -  -  -  -  -  -  -  -  -  -  - 
 O   -  -  -  -  -  -  -  -  -  -  -  -  -  -  - 
commande> a S
Score 0:   65
Score 1:  329
commande> a p
Game: player 1 out of 2
Game: mode=Free game
Game: variant=explosive
Game: history:
    N |   RACK   |    SOLUTION    | REF | PTS | BONUS
   ===|==========|================|=====|=====|======
    1 |  EMEETUA | ETAMEE         |  H3 |  16 |  
    2 |  NOBILOE | BOOLIEN        |  G8 |  65 | *
    3 | U+RVHDAA | ARDU           |  2G |  15 |  
    4 |  LEOPUFA | PANOUFLE       | 14E |  73 | *
    5 | AHV+LAGI | HALVA          |  5G |  22 |  
    6 |  ANOSMGI | MILONGAS       | 11E |  90 | *
    7 | AGI+EFAJ | GAFFE          | J11 |  12 |  
    8 |  RHOCSET | TORCHEES       |  3C | 101 | *


Rack 0: AGIJ+TPI
Rack 1: QKCIRBE
Score 0:   65
Score 1:  329
commande> q
fin du mode partie libre
commande> q
