Using seed: 23
[?] pour l'aide
commande> l 1 1
mode partie libre
[?] pour l'aide
commande> a t
EPSWEMS
commande> j PESES h6
commande> p
commande> p
commande> a g
     1  2  3  4  5  6  7  8  9 10 11 12 13 14 15
 A   -  -  -  -  -  -  -  -  -  -  -  -  -  -  - 
 B   -  -  -  -  -  -  -  -  -  -  -  -  -  -  - 
 C   -  -  -  -  -  -  -  -  -  -  -  -  -  -  - 
 D   -  -  -  -  -  -  -  Z  I  N  N  I  A  -  - 
 E   -  -  -  -  -  -  -  -  -  O  -  -  -  -  - 
 F   -  -  -  -  -  -  -  -  -  Y  -  -  -  -  - 
 G   -  -  -  -  -  -  B  E  D  E  -  -  -  -  - 
 H   -  -  -  -  -  P  E  S  E  S  -  -  -  -  - 
 I   -  -  -  -  -  -  -  -  -  -  -  -  -  -  - 
 J   -  -  -  -  -  -  -  -  -  -  -  -  -  -  - 
 K   -  -  -  -  -  -  -  -  -  -  -  -  -  -  - 
 L   -  -  -  -  -  -  -  -  -  -  -  -  -  -  - 
 M   -  -  -  -  -  -  -  -  -  -  -  -  -  -  - 
 N   -  -  -  -  -  -  -  -  -  -  -  -  -  -  - 
 O   -  -  -  -  -  -  -  -  -  -  -  -  -  -  - 
commande> a p
Game: player 1 out of 2
Game: mode=Free game
Game: history:
    N |   RACK   |    SOLUTION    | REF | PTS | BONUS
   ===|==========|================|=====|=====|======
    1 |  EPSWEMS | PESES          |  H6 |  14 |  
    2 |  QBEOEDI | BEDE           |  G7 |  28 |  
    3 | MW+UUSA? | (PASS)         |  -  |   0 |  
    4 | IOQ+ZNYI | NOYES          | 10D |  34 |  
    5 |  AMSUUW? | (PASS)         |  -  |   0 |  
    6 | IIQZ+ANR | ZINNIA         |  D8 |  50 |  


Rack 0: AMSUUW?
Rack 1: QR+LETII
Score 0:   14
Score 1:  112
commande> h p
commande> a g
     1  2  3  4  5  6  7  8  9 10 11 12 13 14 15
 A   -  -  -  -  -  -  -  -  -  -  -  -  -  -  - 
 B   -  -  -  -  -  -  -  -  -  -  -  -  -  -  - 
 C   -  -  -  -  -  -  -  -  -  -  -  -  -  -  - 
 D   -  -  -  -  -  -  -  -  -  N  -  -  -  -  - 
 E   -  -  -  -  -  -  -  -  -  O  -  -  -  -  - 
 F   -  -  -  -  -  -  -  -  -  Y  -  -  -  -  - 
 G   -  -  -  -  -  -  B  E  D  E  -  -  -  -  - 
 H   -  -  -  -  -  P  E  S  E  S  -  -  -  -  - 
 I   -  -  -  -  -  -  -  -  -  -  -  -  -  -  - 
 J   -  -  -  -  -  -  -  -  -  -  -  -  -  -  - 
 K   -  -  -  -  -  -  -  -  -  -  -  -  -  -  - 
 L   -  -  -  -  -  -  -  -  -  -  -  -  -  -  - 
 M   -  -  -  -  -  -  -  -  -  -  -  -  -  -  - 
 N   -  -  -  -  -  -  -  -  -  -  -  -  -  -  - 
 O   -  -  -  -  -  -  -  -  -  -  -  -  -  -  - 
commande> a p
Game: player 2 out of 2
Game: mode=Free game
Game: history:
    N |   RACK   |    SOLUTION    | REF | PTS | BONUS
   ===|==========|================|=====|=====|======
    1 |  EPSWEMS | PESES          |  H6 |  14 |  
    2 |  QBEOEDI | BEDE           |  G7 |  28 |  
    3 | MW+UUSA? | (PASS)         |  -  |   0 |  
    4 | IOQ+ZNYI | NOYES          | 10D |  34 |  
    5 |  AMSUUW? | (PASS)         |  -  |   0 |  


Rack 0: AMSUUW?
Rack 1: IIQZ+ANR
Score 0:   14
Score 1:   62
commande> h n
commande> s freegame.save
commande> q
fin du mode partie libre
commande> c freegame.save
mode partie libre
[?] pour l'aide
commande> a g
     1  2  3  4  5  6  7  8  9 10 11 12 13 14 15
 A   -  -  -  -  -  -  -  -  -  -  -  -  -  -  - 
 B   -  -  -  -  -  -  -  -  -  -  -  -  -  -  - 
 C   -  -  -  -  -  -  -  -  -  -  -  -  -  -  - 
 D   -  -  -  -  -  -  -  Z  I  N  N  I  A  -  - 
 E   -  -  -  -  -  -  -  -  -  O  -  -  -  -  - 
 F   -  -  -  -  -  -  -  -  -  Y  -  -  -  -  - 
 G   -  -  -  -  -  -  B  E  D  E  -  -  -  -  - 
 H   -  -  -  -  -  P  E  S  E  S  -  -  -  -  - 
 I   -  -  -  -  -  -  -  -  -  -  -  -  -  -  - 
 J   -  -  -  -  -  -  -  -  -  -  -  -  -  -  - 
 K   -  -  -  -  -  -  -  -  -  -  -  -  -  -  - 
 L   -  -  -  -  -  -  -  -  -  -  -  -  -  -  - 
 M   -  -  -  -  -  -  -  -  -  -  -  -  -  -  - 
 N   -  -  -  -  -  -  -  -  -  -  -  -  -  -  - 
 O   -  -  -  -  -  -  -  -  -  -  -  -  -  -  - 
commande> a p
Game: player 1 out of 2
Game: mode=Free game
Game: history:
    N |   RACK   |    SOLUTION    | REF | PTS | BONUS
   ===|==========|================|=====|=====|======
    1 |  EPSWEMS | PESES          |  H6 |  14 |  
    2 |  QBEOEDI | BEDE           |  G7 |  28 |  
    3 | MW+UUSA? | (PASS)         |  -  |   0 |  
    4 | IOQ+ZNYI | NOYES          | 10D |  34 |  
    5 |  AMSUUW? | (PASS)         |  -  |   0 |  
    6 | IIQZ+ANR | ZINNIA         |  D8 |  50 |  


Rack 0: AMSUUW?
Rack 1: QR+LETII
Score 0:   14
Score 1:  112
commande> j AVEZ 8a
Mot incorrect ou mal placé (4)
commande> a g
     1  2  3  4  5  6  7  8  9 10 11 12 13 14 15
 A   -  -  -  -  -  -  -  -  -  -  -  -  -  -  - 
 B   -  -  -  -  -  -  -  -  -  -  -  -  -  -  - 
 C   -  -  -  -  -  -  -  -  -  -  -  -  -  -  - 
 D   -  -  -  -  -  -  -  Z  I  N  N  I  A  -  - 
 E   -  -  -  -  -  -  -  -  -  O  -  -  -  -  - 
 F   -  -  -  -  -  -  -  -  -  Y  -  -  -  -  - 
 G   -  -  -  -  -  -  B  E  D  E  -  -  -  -  - 
 H   -  -  -  -  -  P  E  S  E  S  -  -  -  -  - 
 I   -  -  -  -  -  -  -  -  -  -  -  -  -  -  - 
 J   -  -  -  -  -  -  -  -  -  -  -  -  -  -  - 
 K   -  -  -  -  -  -  -  -  -  -  -  -  -  -  - 
 L   -  -  -  -  -  -  -  -  -  -  -  -  -  -  - 
 M   -  -  -  -  -  -  -  -  -  -  -  -  -  -  - 
 N   -  -  -  -  -  -  -  -  -  -  -  -  -  -  - 
 O   -  -  -  -  -  -  -  -  -  -  -  -  -  -  - 
commande> # FIXME: Command deactivated due to the bug with rand seeds
commande> # a p
commande> s freegame.save
commande> q
fin du mode partie libre
commande> c freegame.save
mode partie libre
[?] pour l'aide
commande> a g
     1  2  3  4  5  6  7  8  9 10 11 12 13 14 15
 A   -  -  -  -  -  -  -  -  -  -  -  -  -  -  - 
 B   -  -  -  -  -  -  -  -  -  -  -  -  -  -  - 
 C   -  -  -  -  -  -  -  -  -  -  -  -  -  -  - 
 D   -  -  -  -  -  -  -  Z  I  N  N  I  A  -  - 
 E   -  -  -  -  -  -  -  -  -  O  -  -  -  -  - 
 F   -  -  -  -  -  -  -  -  -  Y  -  -  -  -  - 
 G   -  -  -  -  -  -  B  E  D  E  -  -  -  -  - 
 H   -  -  -  -  -  P  E  S  E  S  -  -  -  -  - 
 I   -  -  -  -  -  -  -  -  -  -  -  -  -  -  - 
 J   -  -  -  -  -  -  -  -  -  -  -  -  -  -  - 
 K   -  -  -  -  -  -  -  -  -  -  -  -  -  -  - 
 L   -  -  -  -  -  -  -  -  -  -  -  -  -  -  - 
 M   -  -  -  -  -  -  -  -  -  -  -  -  -  -  - 
 N   -  -  -  -  -  -  -  -  -  -  -  -  -  -  - 
 O   -  -  -  -  -  -  -  -  -  -  -  -  -  -  - 
commande> # FIXME: Command deactivated due to the bug with rand seeds
commande> # a p
commande> q
fin du mode partie libre
commande> q
