Using seed: 10
[?] pour l'aide
commande> l 1 2
mode partie libre
[?] pour l'aide
commande> a T
Rack 0: SLESOAI
Rack 1: ESEAERE
Rack 2: RMXTQAH
commande> j SALES h4
commande> a g
     1  2  3  4  5  6  7  8  9 10 11 12 13 14 15
 A   -  -  -  -  -  -  -  -  -  -  -  -  -  -  - 
 B   -  -  -  -  -  -  -  -  -  -  -  -  -  -  - 
 C   -  -  -  -  -  -  -  -  -  -  -  -  -  -  - 
 D   -  -  -  -  -  -  -  -  -  -  -  -  -  -  - 
 E   -  -  -  -  -  R  -  -  -  -  -  -  -  -  - 
 F   -  -  -  -  -  E  -  -  -  -  -  -  -  -  - 
 G   -  -  -  -  -  A  -  -  -  -  -  -  -  -  - 
 H   -  -  -  S  A  L  E  S  -  -  -  -  -  -  - 
 I   -  -  -  -  -  E  X  A  M  -  -  -  -  -  - 
 J   -  -  -  -  -  S  -  -  -  -  -  -  -  -  - 
 K   -  -  -  -  -  E  -  -  -  -  -  -  -  -  - 
 L   -  -  -  -  -  E  -  -  -  -  -  -  -  -  - 
 M   -  -  -  -  -  -  -  -  -  -  -  -  -  -  - 
 N   -  -  -  -  -  -  -  -  -  -  -  -  -  -  - 
 O   -  -  -  -  -  -  -  -  -  -  -  -  -  -  - 
commande> a p
Game: player 1 out of 3
Game: mode=Free game
Game: history:
    N |   RACK   |    SOLUTION    | REF | PTS | BONUS
   ===|==========|================|=====|=====|======
    1 |  SLESOAI | SALES          |  H4 |  12 |  
    2 |  ESEAERE | REALESEE       |  6E |  62 | *
    3 |  RMXTQAH | EXAM           |  I6 |  49 |  


Rack 0: IO+ORAFU
Rack 1: TIMDDNR
Rack 2: HQRT+KEU
Score 0:   12
Score 1:   62
Score 2:   49
commande> j FOURRAI e3
commande> a g
     1  2  3  4  5  6  7  8  9 10 11 12 13 14 15
 A   -  -  -  -  -  -  -  T  -  -  -  -  -  -  - 
 B   -  -  -  -  -  -  -  R  -  -  -  -  -  -  - 
 C   -  -  -  -  -  -  -  I  -  -  -  -  -  -  - 
 D   -  -  -  -  -  -  -  M  -  -  -  -  -  -  - 
 E   -  -  F  O  U  R  R  A  I  -  -  -  -  -  - 
 F   -  -  -  -  -  E  -  -  -  -  -  -  -  -  - 
 G   -  -  -  -  -  A  -  -  -  -  -  -  -  -  - 
 H   -  -  -  S  A  L  E  S  -  -  -  -  -  -  - 
 I   -  -  -  -  -  E  X  A  M  -  -  -  -  -  - 
 J   -  -  -  -  -  S  -  -  -  -  -  -  -  -  - 
 K   -  -  -  -  -  E  -  -  -  -  -  -  -  -  - 
 L   T  H  E  Q  U  E  -  -  -  -  -  -  -  -  - 
 M   -  -  -  -  -  -  -  -  -  -  -  -  -  -  - 
 N   -  -  -  -  -  -  -  -  -  -  -  -  -  -  - 
 O   -  -  -  -  -  -  -  -  -  -  -  -  -  -  - 
commande> a p
Game: player 1 out of 3
Game: mode=Free game
Game: history:
    N |   RACK   |    SOLUTION    | REF | PTS | BONUS
   ===|==========|================|=====|=====|======
    1 |  SLESOAI | SALES          |  H4 |  12 |  
    2 |  ESEAERE | REALESEE       |  6E |  62 | *
    3 |  RMXTQAH | EXAM           |  I6 |  49 |  
    4 | IO+ORAFU | FOURRAI        |  E3 |  20 |  
    5 |  TIMDDNR | TRIMA          |  8A |  24 |  
    6 | HQRT+KEU | THEQUE         |  L1 |  34 |  


Rack 0: O+OFBAPM
Rack 1: DDN+NATO
Rack 2: KR+IGGNC
Score 0:   32
Score 1:   86
Score 2:   83
commande> h p
commande> a g
     1  2  3  4  5  6  7  8  9 10 11 12 13 14 15
 A   -  -  -  -  -  -  -  T  -  -  -  -  -  -  - 
 B   -  -  -  -  -  -  -  R  -  -  -  -  -  -  - 
 C   -  -  -  -  -  -  -  I  -  -  -  -  -  -  - 
 D   -  -  -  -  -  -  -  M  -  -  -  -  -  -  - 
 E   -  -  F  O  U  R  R  A  I  -  -  -  -  -  - 
 F   -  -  -  -  -  E  -  -  -  -  -  -  -  -  - 
 G   -  -  -  -  -  A  -  -  -  -  -  -  -  -  - 
 H   -  -  -  S  A  L  E  S  -  -  -  -  -  -  - 
 I   -  -  -  -  -  E  X  A  M  -  -  -  -  -  - 
 J   -  -  -  -  -  S  -  -  -  -  -  -  -  -  - 
 K   -  -  -  -  -  E  -  -  -  -  -  -  -  -  - 
 L   -  -  -  -  -  E  -  -  -  -  -  -  -  -  - 
 M   -  -  -  -  -  -  -  -  -  -  -  -  -  -  - 
 N   -  -  -  -  -  -  -  -  -  -  -  -  -  -  - 
 O   -  -  -  -  -  -  -  -  -  -  -  -  -  -  - 
commande> a p
Game: player 3 out of 3
Game: mode=Free game
Game: history:
    N |   RACK   |    SOLUTION    | REF | PTS | BONUS
   ===|==========|================|=====|=====|======
    1 |  SLESOAI | SALES          |  H4 |  12 |  
    2 |  ESEAERE | REALESEE       |  6E |  62 | *
    3 |  RMXTQAH | EXAM           |  I6 |  49 |  
    4 | IO+ORAFU | FOURRAI        |  E3 |  20 |  
    5 |  TIMDDNR | TRIMA          |  8A |  24 |  


Rack 0: O+OFBAPM
Rack 1: DDN+NATO
Rack 2: HQRT+KEU
Score 0:   32
Score 1:   86
Score 2:   49
commande> h p
commande> a g
     1  2  3  4  5  6  7  8  9 10 11 12 13 14 15
 A   -  -  -  -  -  -  -  -  -  -  -  -  -  -  - 
 B   -  -  -  -  -  -  -  -  -  -  -  -  -  -  - 
 C   -  -  -  -  -  -  -  -  -  -  -  -  -  -  - 
 D   -  -  -  -  -  -  -  -  -  -  -  -  -  -  - 
 E   -  -  F  O  U  R  R  A  I  -  -  -  -  -  - 
 F   -  -  -  -  -  E  -  -  -  -  -  -  -  -  - 
 G   -  -  -  -  -  A  -  -  -  -  -  -  -  -  - 
 H   -  -  -  S  A  L  E  S  -  -  -  -  -  -  - 
 I   -  -  -  -  -  E  X  A  M  -  -  -  -  -  - 
 J   -  -  -  -  -  S  -  -  -  -  -  -  -  -  - 
 K   -  -  -  -  -  E  -  -  -  -  -  -  -  -  - 
 L   -  -  -  -  -  E  -  -  -  -  -  -  -  -  - 
 M   -  -  -  -  -  -  -  -  -  -  -  -  -  -  - 
 N   -  -  -  -  -  -  -  -  -  -  -  -  -  -  - 
 O   -  -  -  -  -  -  -  -  -  -  -  -  -  -  - 
commande> a p
Game: player 2 out of 3
Game: mode=Free game
Game: history:
    N |   RACK   |    SOLUTION    | REF | PTS | BONUS
   ===|==========|================|=====|=====|======
    1 |  SLESOAI | SALES          |  H4 |  12 |  
    2 |  ESEAERE | REALESEE       |  6E |  62 | *
    3 |  RMXTQAH | EXAM           |  I6 |  49 |  
    4 | IO+ORAFU | FOURRAI        |  E3 |  20 |  


Rack 0: O+OFBAPM
Rack 1: TIMDDNR
Rack 2: HQRT+KEU
Score 0:   32
Score 1:   62
Score 2:   49
commande> h r
commande> a p
Game: player 1 out of 3
Game: mode=Free game
Game: history:
    N |   RACK   |    SOLUTION    | REF | PTS | BONUS
   ===|==========|================|=====|=====|======
    1 |  SLESOAI | SALES          |  H4 |  12 |  
    2 |  ESEAERE | REALESEE       |  6E |  62 | *
    3 |  RMXTQAH | EXAM           |  I6 |  49 |  
    4 | IO+ORAFU | FOURRAI        |  E3 |  20 |  
    5 |  TIMDDNR | TRIMA          |  8A |  24 |  
    6 | HQRT+KEU | THEQUE         |  L1 |  34 |  


Rack 0: O+OFBAPM
Rack 1: DDN+NATO
Rack 2: KR+IGGNC
Score 0:   32
Score 1:   86
Score 2:   83
commande> a g
     1  2  3  4  5  6  7  8  9 10 11 12 13 14 15
 A   -  -  -  -  -  -  -  T  -  -  -  -  -  -  - 
 B   -  -  -  -  -  -  -  R  -  -  -  -  -  -  - 
 C   -  -  -  -  -  -  -  I  -  -  -  -  -  -  - 
 D   -  -  -  -  -  -  -  M  -  -  -  -  -  -  - 
 E   -  -  F  O  U  R  R  A  I  -  -  -  -  -  - 
 F   -  -  -  -  -  E  -  -  -  -  -  -  -  -  - 
 G   -  -  -  -  -  A  -  -  -  -  -  -  -  -  - 
 H   -  -  -  S  A  L  E  S  -  -  -  -  -  -  - 
 I   -  -  -  -  -  E  X  A  M  -  -  -  -  -  - 
 J   -  -  -  -  -  S  -  -  -  -  -  -  -  -  - 
 K   -  -  -  -  -  E  -  -  -  -  -  -  -  -  - 
 L   T  H  E  Q  U  E  -  -  -  -  -  -  -  -  - 
 M   -  -  -  -  -  -  -  -  -  -  -  -  -  -  - 
 N   -  -  -  -  -  -  -  -  -  -  -  -  -  -  - 
 O   -  -  -  -  -  -  -  -  -  -  -  -  -  -  - 
commande> h f
commande> a p
Game: player 1 out of 3
Game: mode=Free game
Game: history:
    N |   RACK   |    SOLUTION    | REF | PTS | BONUS
   ===|==========|================|=====|=====|======


Rack 0: SLESOAI
Rack 1: ESEAERE
Rack 2: RMXTQAH
Score 0:    0
Score 1:    0
Score 2:    0
commande> a g
     1  2  3  4  5  6  7  8  9 10 11 12 13 14 15
 A   -  -  -  -  -  -  -  -  -  -  -  -  -  -  - 
 B   -  -  -  -  -  -  -  -  -  -  -  -  -  -  - 
 C   -  -  -  -  -  -  -  -  -  -  -  -  -  -  - 
 D   -  -  -  -  -  -  -  -  -  -  -  -  -  -  - 
 E   -  -  -  -  -  -  -  -  -  -  -  -  -  -  - 
 F   -  -  -  -  -  -  -  -  -  -  -  -  -  -  - 
 G   -  -  -  -  -  -  -  -  -  -  -  -  -  -  - 
 H   -  -  -  -  -  -  -  -  -  -  -  -  -  -  - 
 I   -  -  -  -  -  -  -  -  -  -  -  -  -  -  - 
 J   -  -  -  -  -  -  -  -  -  -  -  -  -  -  - 
 K   -  -  -  -  -  -  -  -  -  -  -  -  -  -  - 
 L   -  -  -  -  -  -  -  -  -  -  -  -  -  -  - 
 M   -  -  -  -  -  -  -  -  -  -  -  -  -  -  - 
 N   -  -  -  -  -  -  -  -  -  -  -  -  -  -  - 
 O   -  -  -  -  -  -  -  -  -  -  -  -  -  -  - 
commande> h n
commande> a g
     1  2  3  4  5  6  7  8  9 10 11 12 13 14 15
 A   -  -  -  -  -  -  -  -  -  -  -  -  -  -  - 
 B   -  -  -  -  -  -  -  -  -  -  -  -  -  -  - 
 C   -  -  -  -  -  -  -  -  -  -  -  -  -  -  - 
 D   -  -  -  -  -  -  -  -  -  -  -  -  -  -  - 
 E   -  -  -  -  -  -  -  -  -  -  -  -  -  -  - 
 F   -  -  -  -  -  -  -  -  -  -  -  -  -  -  - 
 G   -  -  -  -  -  -  -  -  -  -  -  -  -  -  - 
 H   -  -  -  S  A  L  E  S  -  -  -  -  -  -  - 
 I   -  -  -  -  -  -  -  -  -  -  -  -  -  -  - 
 J   -  -  -  -  -  -  -  -  -  -  -  -  -  -  - 
 K   -  -  -  -  -  -  -  -  -  -  -  -  -  -  - 
 L   -  -  -  -  -  -  -  -  -  -  -  -  -  -  - 
 M   -  -  -  -  -  -  -  -  -  -  -  -  -  -  - 
 N   -  -  -  -  -  -  -  -  -  -  -  -  -  -  - 
 O   -  -  -  -  -  -  -  -  -  -  -  -  -  -  - 
commande> a p
Game: player 2 out of 3
Game: mode=Free game
Game: history:
    N |   RACK   |    SOLUTION    | REF | PTS | BONUS
   ===|==========|================|=====|=====|======
    1 |  SLESOAI | SALES          |  H4 |  12 |  


Rack 0: IO+ORAFU
Rack 1: ESEAERE
Rack 2: RMXTQAH
Score 0:   12
Score 1:    0
Score 2:    0
commande> h n
commande> a g
     1  2  3  4  5  6  7  8  9 10 11 12 13 14 15
 A   -  -  -  -  -  -  -  -  -  -  -  -  -  -  - 
 B   -  -  -  -  -  -  -  -  -  -  -  -  -  -  - 
 C   -  -  -  -  -  -  -  -  -  -  -  -  -  -  - 
 D   -  -  -  -  -  -  -  -  -  -  -  -  -  -  - 
 E   -  -  -  -  -  R  -  -  -  -  -  -  -  -  - 
 F   -  -  -  -  -  E  -  -  -  -  -  -  -  -  - 
 G   -  -  -  -  -  A  -  -  -  -  -  -  -  -  - 
 H   -  -  -  S  A  L  E  S  -  -  -  -  -  -  - 
 I   -  -  -  -  -  E  -  -  -  -  -  -  -  -  - 
 J   -  -  -  -  -  S  -  -  -  -  -  -  -  -  - 
 K   -  -  -  -  -  E  -  -  -  -  -  -  -  -  - 
 L   -  -  -  -  -  E  -  -  -  -  -  -  -  -  - 
 M   -  -  -  -  -  -  -  -  -  -  -  -  -  -  - 
 N   -  -  -  -  -  -  -  -  -  -  -  -  -  -  - 
 O   -  -  -  -  -  -  -  -  -  -  -  -  -  -  - 
commande> a p
Game: player 3 out of 3
Game: mode=Free game
Game: history:
    N |   RACK   |    SOLUTION    | REF | PTS | BONUS
   ===|==========|================|=====|=====|======
    1 |  SLESOAI | SALES          |  H4 |  12 |  
    2 |  ESEAERE | REALESEE       |  6E |  62 | *


Rack 0: IO+ORAFU
Rack 1: TIMDDNR
Rack 2: RMXTQAH
Score 0:   12
Score 1:   62
Score 2:    0
commande> h r
commande> a g
     1  2  3  4  5  6  7  8  9 10 11 12 13 14 15
 A   -  -  -  -  -  -  -  -  -  -  -  -  -  -  - 
 B   -  -  -  -  -  -  -  -  -  -  -  -  -  -  - 
 C   -  -  -  -  -  -  -  -  -  -  -  -  -  -  - 
 D   -  -  -  -  -  -  -  -  -  -  -  -  -  -  - 
 E   -  -  -  -  -  R  -  -  -  -  -  -  -  -  - 
 F   -  -  -  -  -  E  -  -  -  -  -  -  -  -  - 
 G   -  -  -  -  -  A  -  -  -  -  -  -  -  -  - 
 H   -  -  -  S  A  L  E  S  -  -  -  -  -  -  - 
 I   -  -  -  -  -  E  X  A  M  -  -  -  -  -  - 
 J   -  -  -  -  -  S  -  -  -  -  -  -  -  -  - 
 K   -  -  -  -  -  E  -  -  -  -  -  -  -  -  - 
 L   -  -  -  -  -  E  -  -  -  -  -  -  -  -  - 
 M   -  -  -  -  -  -  -  -  -  -  -  -  -  -  - 
 N   -  -  -  -  -  -  -  -  -  -  -  -  -  -  - 
 O   -  -  -  -  -  -  -  -  -  -  -  -  -  -  - 
commande> a p
Game: player 1 out of 3
Game: mode=Free game
Game: history:
    N |   RACK   |    SOLUTION    | REF | PTS | BONUS
   ===|==========|================|=====|=====|======
    1 |  SLESOAI | SALES          |  H4 |  12 |  
    2 |  ESEAERE | REALESEE       |  6E |  62 | *
    3 |  RMXTQAH | EXAM           |  I6 |  49 |  


Rack 0: IO+ORAFU
Rack 1: TIMDDNR
Rack 2: HQRT+KEU
Score 0:   12
Score 1:   62
Score 2:   49
commande> h n
commande> j FOURS 4d
commande> a g
     1  2  3  4  5  6  7  8  9 10 11 12 13 14 15
 A   -  -  -  -  -  -  -  -  -  -  -  -  -  -  - 
 B   -  -  -  -  -  -  -  -  -  -  -  -  -  -  - 
 C   -  -  -  -  -  -  -  -  -  -  -  -  -  -  - 
 D   -  -  -  F  -  -  -  -  -  -  -  -  -  -  - 
 E   -  -  -  O  -  R  -  -  -  -  -  -  -  -  - 
 F   -  -  -  U  -  E  -  -  -  -  -  -  -  -  - 
 G   -  -  -  R  -  A  -  -  -  -  -  -  -  -  - 
 H   -  -  -  S  A  L  E  S  -  -  -  -  -  -  - 
 I   -  -  -  -  -  E  X  A  M  -  -  -  -  -  - 
 J   -  -  -  -  -  S  I  -  -  -  -  -  -  -  - 
 K   -  -  -  -  -  E  T  -  -  -  -  -  -  -  - 
 L   T  H  E  Q  U  E  -  -  -  -  -  -  -  -  - 
 M   -  -  -  -  -  -  -  -  -  -  -  -  -  -  - 
 N   -  -  -  -  -  -  -  -  -  -  -  -  -  -  - 
 O   -  -  -  -  -  -  -  -  -  -  -  -  -  -  - 
commande> a p
Game: player 1 out of 3
Game: mode=Free game
Game: history:
    N |   RACK   |    SOLUTION    | REF | PTS | BONUS
   ===|==========|================|=====|=====|======
    1 |  SLESOAI | SALES          |  H4 |  12 |  
    2 |  ESEAERE | REALESEE       |  6E |  62 | *
    3 |  RMXTQAH | EXAM           |  I6 |  49 |  
    4 | IO+ORAFU | FOURS          |  4D |  16 |  
    5 |  TIMDDNR | EXIT           |  7H |  17 |  
    6 | HQRT+KEU | THEQUE         |  L1 |  34 |  


Rack 0: AIO+TUBA
Rack 1: DDMNR+DN
Rack 2: KR+TSUEE
Score 0:   28
Score 1:   79
Score 2:   83
commande> p
commande> a g
     1  2  3  4  5  6  7  8  9 10 11 12 13 14 15
 A   -  -  -  -  -  -  -  -  -  -  -  -  -  -  - 
 B   -  -  -  -  -  -  -  -  -  -  -  -  -  -  - 
 C   -  -  -  -  -  -  -  -  -  -  -  -  -  -  - 
 D   -  -  -  F  -  -  -  -  -  -  -  -  -  -  - 
 E   -  -  -  O  -  R  -  -  -  -  -  -  -  -  - 
 F   -  -  -  U  -  E  -  -  -  -  -  -  -  -  - 
 G   -  -  -  R  -  A  -  -  -  -  -  -  -  -  - 
 H   -  -  -  S  A  L  E  S  -  -  -  -  -  -  - 
 I   -  -  -  -  -  E  X  A  M  -  -  -  -  -  - 
 J   -  -  -  -  -  S  I  -  -  -  -  -  -  -  - 
 K   -  -  -  -  M  E  T  S  -  -  -  -  -  -  - 
 L   T  H  E  Q  U  E  -  K  -  -  -  -  -  -  - 
 M   -  -  -  -  R  -  -  E  -  -  -  -  -  -  - 
 N   -  -  -  -  -  -  -  E  -  -  -  -  -  -  - 
 O   -  -  -  -  -  -  -  T  -  -  -  -  -  -  - 
commande> a p
Game: player 1 out of 3
Game: mode=Free game
Game: history:
    N |   RACK   |    SOLUTION    | REF | PTS | BONUS
   ===|==========|================|=====|=====|======
    1 |  SLESOAI | SALES          |  H4 |  12 |  
    2 |  ESEAERE | REALESEE       |  6E |  62 | *
    3 |  RMXTQAH | EXAM           |  I6 |  49 |  
    4 | IO+ORAFU | FOURS          |  4D |  16 |  
    5 |  TIMDDNR | EXIT           |  7H |  17 |  
    6 | HQRT+KEU | THEQUE         |  L1 |  34 |  
    7 | AIO+TUBA | (PASS)         |  -  |   0 |  
    8 | DDMNR+DN | MUR            |  5K |  16 |  
    9 | KR+TSUEE | SKEET          |  8K |  77 |  


Rack 0: AABIOTU
Rack 1: DDDNN+HR
Rack 2: RU+?GVGV
Score 0:   28
Score 1:   95
Score 2:  160
commande> h f
commande> a g
     1  2  3  4  5  6  7  8  9 10 11 12 13 14 15
 A   -  -  -  -  -  -  -  -  -  -  -  -  -  -  - 
 B   -  -  -  -  -  -  -  -  -  -  -  -  -  -  - 
 C   -  -  -  -  -  -  -  -  -  -  -  -  -  -  - 
 D   -  -  -  -  -  -  -  -  -  -  -  -  -  -  - 
 E   -  -  -  -  -  -  -  -  -  -  -  -  -  -  - 
 F   -  -  -  -  -  -  -  -  -  -  -  -  -  -  - 
 G   -  -  -  -  -  -  -  -  -  -  -  -  -  -  - 
 H   -  -  -  -  -  -  -  -  -  -  -  -  -  -  - 
 I   -  -  -  -  -  -  -  -  -  -  -  -  -  -  - 
 J   -  -  -  -  -  -  -  -  -  -  -  -  -  -  - 
 K   -  -  -  -  -  -  -  -  -  -  -  -  -  -  - 
 L   -  -  -  -  -  -  -  -  -  -  -  -  -  -  - 
 M   -  -  -  -  -  -  -  -  -  -  -  -  -  -  - 
 N   -  -  -  -  -  -  -  -  -  -  -  -  -  -  - 
 O   -  -  -  -  -  -  -  -  -  -  -  -  -  -  - 
commande> a p
Game: player 1 out of 3
Game: mode=Free game
Game: history:
    N |   RACK   |    SOLUTION    | REF | PTS | BONUS
   ===|==========|================|=====|=====|======


Rack 0: SLESOAI
Rack 1: ESEAERE
Rack 2: RMXTQAH
Score 0:    0
Score 1:    0
Score 2:    0
commande> h n
commande> a g
     1  2  3  4  5  6  7  8  9 10 11 12 13 14 15
 A   -  -  -  -  -  -  -  -  -  -  -  -  -  -  - 
 B   -  -  -  -  -  -  -  -  -  -  -  -  -  -  - 
 C   -  -  -  -  -  -  -  -  -  -  -  -  -  -  - 
 D   -  -  -  -  -  -  -  -  -  -  -  -  -  -  - 
 E   -  -  -  -  -  -  -  -  -  -  -  -  -  -  - 
 F   -  -  -  -  -  -  -  -  -  -  -  -  -  -  - 
 G   -  -  -  -  -  -  -  -  -  -  -  -  -  -  - 
 H   -  -  -  S  A  L  E  S  -  -  -  -  -  -  - 
 I   -  -  -  -  -  -  -  -  -  -  -  -  -  -  - 
 J   -  -  -  -  -  -  -  -  -  -  -  -  -  -  - 
 K   -  -  -  -  -  -  -  -  -  -  -  -  -  -  - 
 L   -  -  -  -  -  -  -  -  -  -  -  -  -  -  - 
 M   -  -  -  -  -  -  -  -  -  -  -  -  -  -  - 
 N   -  -  -  -  -  -  -  -  -  -  -  -  -  -  - 
 O   -  -  -  -  -  -  -  -  -  -  -  -  -  -  - 
commande> a p
Game: player 2 out of 3
Game: mode=Free game
Game: history:
    N |   RACK   |    SOLUTION    | REF | PTS | BONUS
   ===|==========|================|=====|=====|======
    1 |  SLESOAI | SALES          |  H4 |  12 |  


Rack 0: IO+ORAFU
Rack 1: ESEAERE
Rack 2: RMXTQAH
Score 0:   12
Score 1:    0
Score 2:    0
commande> h l
commande> a g
     1  2  3  4  5  6  7  8  9 10 11 12 13 14 15
 A   -  -  -  -  -  -  -  -  -  -  -  -  -  -  - 
 B   -  -  -  -  -  -  -  -  -  -  -  -  -  -  - 
 C   -  -  -  -  -  -  -  -  -  -  -  -  -  -  - 
 D   -  -  -  F  -  -  -  -  -  -  -  -  -  -  - 
 E   -  -  -  O  -  R  -  -  -  -  -  -  -  -  - 
 F   -  -  -  U  -  E  -  -  -  -  -  -  -  -  - 
 G   -  -  -  R  -  A  -  -  -  -  -  -  -  -  - 
 H   -  -  -  S  A  L  E  S  -  -  -  -  -  -  - 
 I   -  -  -  -  -  E  X  A  M  -  -  -  -  -  - 
 J   -  -  -  -  -  S  I  -  -  -  -  -  -  -  - 
 K   -  -  -  -  M  E  T  S  -  -  -  -  -  -  - 
 L   T  H  E  Q  U  E  -  K  -  -  -  -  -  -  - 
 M   -  -  -  -  R  -  -  E  -  -  -  -  -  -  - 
 N   -  -  -  -  -  -  -  E  -  -  -  -  -  -  - 
 O   -  -  -  -  -  -  -  T  -  -  -  -  -  -  - 
commande> a p
Game: player 1 out of 3
Game: mode=Free game
Game: history:
    N |   RACK   |    SOLUTION    | REF | PTS | BONUS
   ===|==========|================|=====|=====|======
    1 |  SLESOAI | SALES          |  H4 |  12 |  
    2 |  ESEAERE | REALESEE       |  6E |  62 | *
    3 |  RMXTQAH | EXAM           |  I6 |  49 |  
    4 | IO+ORAFU | FOURS          |  4D |  16 |  
    5 |  TIMDDNR | EXIT           |  7H |  17 |  
    6 | HQRT+KEU | THEQUE         |  L1 |  34 |  
    7 | AIO+TUBA | (PASS)         |  -  |   0 |  
    8 | DDMNR+DN | MUR            |  5K |  16 |  
    9 | KR+TSUEE | SKEET          |  8K |  77 |  


Rack 0: AABIOTU
Rack 1: DDDNN+HR
Rack 2: RU+?GVGV
Score 0:   28
Score 1:   95
Score 2:  160
commande> q
fin du mode partie libre
commande> q
