Using seed: 1
[?] pour l'aide
commande> l 1 1
mode partie libre
[?] pour l'aide
commande> a S
Score 0:    0
Score 1:    0
commande> p
commande> p
commande> a t
ADFIRV?
commande> p VIDF
commande> a t
AR?NUAR
commande> p
commande> p
commande> p
commande> p
commande> p
commande> p
commande> p
commande> p
commande> p
commande> p
commande> p
commande> p
commande> p
commande> p
commande> p
commande> p
commande> p
commande> p
commande> p
commande> p
commande> p
commande> p
commande> p
commande> p
commande> p
Cannot pass (3)
commande> p
Cannot pass (3)
commande> a S
Score 0:   -6
Score 1:  950
commande> a T
Rack 0: AANRRU?
Rack 1: 
commande> a p
Game: player 2 out of 2
Game: mode=Free game
Game: history:
    N |   RACK   |    SOLUTION    | REF | PTS | BONUS
   ===|==========|================|=====|=====|======
    1 |  VDFIR?A | (PASS)         |  -  |   0 |  
    2 |  IIIEBQH | HIE            |  H6 |  12 |  
    3 |  ADFIRV? | (PASS)         |  -  |   0 |  
    4 | BIIQ+RFK | KIF            |  I5 |  33 |  
    5 |  ADFIRV? | [VIDF]         |  -  |   0 |  
    6 | BIQR+LUE | BRIQUEE        |  8C |  33 |  
    7 | AR?+NUAR | (PASS)         |  -  |   0 |  
    8 | L+WIDNES | WIFI           |  7G |  47 |  
    9 |  AANRRU? | (PASS)         |  -  |   0 |  
   10 | DELNS+ET | DESILENT       |  E5 |  86 | *
   11 |  AANRRU? | (PASS)         |  -  |   0 |  
   12 |  UTMRAUT | RUBRIQUEE      |  8A |  54 |  
   13 |  AANRRU? | (PASS)         |  -  |   0 |  
   14 | AMTTU+EA | RAMEUTAT       |  A8 |  80 | *
   15 |  AANRRU? | (PASS)         |  -  |   0 |  
   16 |  IIOOYNC | NEY            | 10D |  32 |  
   17 |  AANRRU? | (PASS)         |  -  |   0 |  
   18 | CIIOO+EE | CI             |  J6 |  24 |  
   19 |  AANRRU? | (PASS)         |  -  |   0 |  
   20 | EEIIOO+P | KIP            |  5I |  33 |  
   21 |  AANRRU? | (PASS)         |  -  |   0 |  
   22 | EEIOO+TS | ESTE           |  9H |  30 |  
   23 |  AANRRU? | (PASS)         |  -  |   0 |  
   24 | IOO+ASAO | OSAI           |  L4 |  23 |  
   25 |  AANRRU? | (PASS)         |  -  |   0 |  
   26 | AOO+EELR | AREOLE         | 14A |  16 |  
   27 |  AANRRU? | (PASS)         |  -  |   0 |  
   28 | AO+VLBCL | BLOC           |  M1 |  20 |  
   29 |  AANRRU? | (PASS)         |  -  |   0 |  
   30 | ALV+EFVD | FABLE          |  1K |  33 |  
   31 |  AANRRU? | (PASS)         |  -  |   0 |  
   32 | DVV+XPDE | EX             |  F5 |  65 |  
   33 |  AANRRU? | (PASS)         |  -  |   0 |  
   34 | DDPVV+HN | HEP            | C13 |  16 |  
   35 |  AANRRU? | (PASS)         |  -  |   0 |  
   36 | DDNVV+AO | NOVA           | 15F |  23 |  
   37 |  AANRRU? | (PASS)         |  -  |   0 |  
   38 | DDV+NOZE | ONZE           | J12 |  41 |  
   39 |  AANRRU? | (PASS)         |  -  |   0 |  
   40 | DDV+LENG | GEL            | 11J |  23 |  
   41 |  AANRRU? | (PASS)         |  -  |   0 |  
   42 | DDNV+RMJ | DOM            |  3L |  11 |  
   43 |  AANRRU? | (PASS)         |  -  |   0 |  
   44 | DJNRV+OT | TOND           |  8L |  26 |  
   45 |  AANRRU? | (PASS)         |  -  |   0 |  
   46 | JRV+UASM | JOUAS          | 12I |  30 |  
   47 |  AANRRU? | (PASS)         |  -  |   0 |  
   48 | MRV+UIS? | DUuMVIRS       |  O8 |  98 | *
   49 |  AANRRU? | (PASS)         |  -  |   0 |  
   50 |  SEIGEAT | SENTIE         | 13H |  34 |  
   51 |  AANRRU? | (PASS)         |  -  |   0 |  
   52 |       AG | GEX            |  6D |  13 |  
   53 |  AANRRU? | (PASS)         |  -  |   0 |  
   54 |        A | ASE            | M11 |   8 |  


Rack 0: AANRRU?
Rack 1: 
Score 0:   -6
Score 1:  950
commande> q
fin du mode partie libre
commande> q
